../Core/Src/main.c:59:6:activeLedSEG	24	static
../Core/Src/main.c:92:6:disableLedSEG	24	static
../Core/Src/main.c:124:6:display7SEG	16	static
../Core/Src/main.c:172:6:controlENs	16	static
../Core/Src/main.c:211:6:update7SEG	16	static
../Core/Src/main.c:230:6:disableAllEN	8	static
../Core/Src/main.c:242:5:main	8	static
../Core/Src/main.c:286:6:SystemClock_Config	72	static
../Core/Src/main.c:323:13:MX_TIM2_Init	32	static
../Core/Src/main.c:368:13:MX_GPIO_Init	32	static
../Core/Src/main.c:411:6:HAL_TIM_PeriodElapsedCallback	16	static
../Core/Src/main.c:434:6:Error_Handler	4	static,ignoring_inline_asm
